
> vite_react_shadcn_ts@0.0.0 build
> vite build

[36mvite v7.3.0 [32mbuilding client environment for production...[36m[39m
transforming...
node.exe : Browserslist: browsers 
data (caniuse-lite) is 9 months 
old. Please run:
At line:1 char:1
+ & "C:\Program 
Files\nodejs/node.exe" "C:\Program 
Files\nodejs/node_mo ...
+ ~~~~~~~~~~~~~~~~~~~~~~~~~~~~~~~~~~
~~~~~~~~~~~~~~~~~~~~~~~~~~~~~~~~~~~
    + CategoryInfo          : NotSp 
   ecified: (Browserslist: b...ld.  
   Please run::String) [], Remote   
 Exception
    + FullyQualifiedErrorId : Nativ 
   eCommandError
 
  npx update-browserslist-db@latest
  Why you should do it regularly: ht
tps://github.com/browserslist/update
-db#readme
[32mΓ£ô[39m 2573 modules transformed.
[33m[plugin vite:reporter] 
(!) D:/agricatalogues/agricatagolues
/node_modules/firebase/storage/dist/
esm/index.esm.js is dynamically 
imported by D:/agricatalogues/agrica
tagolues/src/services/examDataServic
e.ts but also statically imported 
by D:/agricatalogues/agricatagolues/
src/lib/firebase.ts, dynamic import 
will not move module into another 
chunk.
[39m
[33m[plugin vite:reporter] 
(!) D:/agricatalogues/agricatagolues
/src/lib/firebase.ts is dynamically 
imported by D:/agricatalogues/agrica
tagolues/src/services/examDataServic
e.ts but also statically imported 
by D:/agricatalogues/agricatagolues/
src/context/ExamAuthContext.tsx, 
dynamic import will not move module 
into another chunk.
[39m
rendering chunks...
computing gzip size...
[2mdist/[22m[32mindex.html                                                     [39m[1m[2m    1.04 kB[22m[1m[22m[2m Γöé gzip:   0.43 kB[22m
[2mdist/[22m[32massets/source-sans-pro-cyrillic-ext-700-normal-CMNOJ5Qm.woff2  [39m[1m[2m    4.97 kB[22m[1m[22m
[2mdist/[22m[32massets/source-sans-pro-cyrillic-ext-600-normal-qEDpwGRt.woff2  [39m[1m[2m    5.02 kB[22m[1m[22m
[2mdist/[22m[32massets/source-sans-pro-cyrillic-ext-400-normal-BZJRkJ55.woff2  [39m[1m[2m    5.02 kB[22m[1m[22m
[2mdist/[22m[32massets/source-sans-pro-vietnamese-700-normal-f-Bm14rw.woff2    [39m[1m[2m    5.73 kB[22m[1m[22m
[2mdist/[22m[32massets/source-sans-pro-vietnamese-600-normal-B_7vbVAt.woff2    [39m[1m[2m    5.83 kB[22m[1m[22m
[2mdist/[22m[32massets/source-sans-pro-vietnamese-400-normal-DmpbtSrx.woff2    [39m[1m[2m    5.84 kB[22m[1m[22m
[2mdist/[22m[32massets/source-sans-pro-greek-ext-600-normal-Bk3oygDb.woff2     [39m[1m[2m    5.94 kB[22m[1m[22m
[2mdist/[22m[32massets/source-sans-pro-greek-ext-700-normal-sY5KVvyA.woff2     [39m[1m[2m    5.95 kB[22m[1m[22m
[2mdist/[22m[32massets/source-sans-pro-greek-ext-400-normal-DurV-KM9.woff2     [39m[1m[2m    6.00 kB[22m[1m[22m
[2mdist/[22m[32massets/source-sans-pro-cyrillic-ext-700-normal-C6lq_OUW.woff   [39m[1m[2m    6.24 kB[22m[1m[22m
[2mdist/[22m[32massets/source-sans-pro-cyrillic-ext-600-normal-BLUySEgx.woff   [39m[1m[2m    6.26 kB[22m[1m[22m
[2mdist/[22m[32massets/source-sans-pro-cyrillic-ext-400-normal-DtD_g0fW.woff   [39m[1m[2m    6.31 kB[22m[1m[22m
[2mdist/[22m[32massets/source-sans-pro-greek-700-normal-Bq-mRDqF.woff2         [39m[1m[2m    6.90 kB[22m[1m[22m
[2mdist/[22m[32massets/source-sans-pro-greek-600-normal-DufzpiO_.woff2         [39m[1m[2m    6.91 kB[22m[1m[22m
[2mdist/[22m[32massets/source-sans-pro-greek-400-normal-CZJmCPdY.woff2         [39m[1m[2m    7.04 kB[22m[1m[22m
[2mdist/[22m[32massets/source-sans-pro-vietnamese-700-normal-CwqTh6JM.woff     [39m[1m[2m    7.56 kB[22m[1m[22m
[2mdist/[22m[32massets/source-sans-pro-vietnamese-600-normal-DJqX7dzL.woff     [39m[1m[2m    7.57 kB[22m[1m[22m
[2mdist/[22m[32massets/source-sans-pro-vietnamese-400-normal-C_X2WPHN.woff     [39m[1m[2m    7.64 kB[22m[1m[22m
[2mdist/[22m[32massets/source-sans-pro-cyrillic-700-normal-CkdS6a5a.woff2      [39m[1m[2m    7.86 kB[22m[1m[22m
[2mdist/[22m[32massets/source-sans-pro-greek-ext-600-normal-Bk3wWfL4.woff      [39m[1m[2m    7.92 kB[22m[1m[22m
[2mdist/[22m[32massets/source-sans-pro-greek-ext-400-normal-BfIWL1p1.woff      [39m[1m[2m    7.94 kB[22m[1m[22m
[2mdist/[22m[32massets/source-sans-pro-greek-ext-700-normal-BXPp6Eqx.woff      [39m[1m[2m    7.96 kB[22m[1m[22m
[2mdist/[22m[32massets/source-sans-pro-cyrillic-600-normal-7IW-0rI7.woff2      [39m[1m[2m    7.97 kB[22m[1m[22m
[2mdist/[22m[32massets/source-sans-pro-cyrillic-400-normal-Bo6gnWEs.woff2      [39m[1m[2m    7.97 kB[22m[1m[22m
[2mdist/[22m[32massets/source-sans-pro-greek-700-normal-BCz9b4qF.woff          [39m[1m[2m    8.54 kB[22m[1m[22m
[2mdist/[22m[32massets/source-sans-pro-greek-600-normal-CNXbxSoy.woff          [39m[1m[2m    8.56 kB[22m[1m[22m
[2mdist/[22m[32massets/source-sans-pro-greek-400-normal-C-qB9CTB.woff          [39m[1m[2m    8.61 kB[22m[1m[22m
[2mdist/[22m[32massets/source-sans-pro-cyrillic-700-normal-DCJL43JV.woff       [39m[1m[2m    9.81 kB[22m[1m[22m
[2mdist/[22m[32massets/source-sans-pro-cyrillic-600-normal-C6gpv_4y.woff       [39m[1m[2m    9.88 kB[22m[1m[22m
[2mdist/[22m[32massets/source-sans-pro-cyrillic-400-normal-h6inArLS.woff       [39m[1m[2m    9.96 kB[22m[1m[22m
[2mdist/[22m[32massets/source-sans-pro-latin-700-normal-DL7J4422.woff2         [39m[1m[2m   14.71 kB[22m[1m[22m
[2mdist/[22m[32massets/source-sans-pro-latin-600-normal-BM2CBz6W.woff2         [39m[1m[2m   14.82 kB[22m[1m[22m
[2mdist/[22m[32massets/source-sans-pro-latin-400-normal-tpsLXCSJ.woff2         [39m[1m[2m   14.89 kB[22m[1m[22m
[2mdist/[22m[32massets/source-sans-pro-latin-600-normal-CjV2-MXP.woff          [39m[1m[2m   18.38 kB[22m[1m[22m
[2mdist/[22m[32massets/source-sans-pro-latin-700-normal-BNdTgDH_.woff          [39m[1m[2m   18.39 kB[22m[1m[22m
[2mdist/[22m[32massets/source-sans-pro-latin-400-normal-R7DZS9ko.woff          [39m[1m[2m   18.42 kB[22m[1m[22m
[2mdist/[22m[32massets/libre-baskerville-latin-400-normal-C42RasBZ.woff2       [39m[1m[2m   20.11 kB[22m[1m[22m
[2mdist/[22m[32massets/source-sans-pro-latin-ext-700-normal-Cf8nNWsm.woff2     [39m[1m[2m   20.39 kB[22m[1m[22m
[2mdist/[22m[32massets/source-sans-pro-latin-ext-600-normal-XGkkjFz7.woff2     [39m[1m[2m   20.43 kB[22m[1m[22m
[2mdist/[22m[32massets/libre-baskerville-latin-700-normal-CLGq6Yj4.woff2       [39m[1m[2m   20.44 kB[22m[1m[22m
[2mdist/[22m[32massets/source-sans-pro-latin-ext-400-normal-b0izRs8p.woff2     [39m[1m[2m   20.62 kB[22m[1m[22m
[2mdist/[22m[32massets/libre-baskerville-latin-ext-400-normal-DehDhP4C.woff2   [39m[1m[2m   21.27 kB[22m[1m[22m
[2mdist/[22m[32massets/libre-baskerville-latin-ext-700-normal-URU-TBJY.woff2   [39m[1m[2m   21.71 kB[22m[1m[22m
[2mdist/[22m[32massets/libre-baskerville-latin-400-normal-B6A5kCEq.woff        [39m[1m[2m   24.76 kB[22m[1m[22m
[2mdist/[22m[32massets/main-logo-CdfNRMK-.png                                  [39m[1m[2m   25.34 kB[22m[1m[22m
[2mdist/[22m[32massets/libre-baskerville-latin-700-normal-DFRs2Bxw.woff        [39m[1m[2m   25.41 kB[22m[1m[22m
[2mdist/[22m[32massets/source-sans-pro-latin-ext-600-normal-BgwKN7TX.woff      [39m[1m[2m   26.08 kB[22m[1m[22m
[2mdist/[22m[32massets/source-sans-pro-latin-ext-700-normal-yj0w5CKO.woff      [39m[1m[2m   26.09 kB[22m[1m[22m
[2mdist/[22m[32massets/source-sans-pro-latin-ext-400-normal-B4yavu5O.woff      [39m[1m[2m   26.16 kB[22m[1m[22m
[2mdist/[22m[32massets/libre-baskerville-latin-ext-400-normal-Dm_CMUlS.woff    [39m[1m[2m   27.90 kB[22m[1m[22m
[2mdist/[22m[32massets/libre-baskerville-latin-ext-700-normal-CwmVKpN0.woff    [39m[1m[2m   28.25 kB[22m[1m[22m
[2mdist/[22m[32massets/current-issue-cover-BnFl18fk.jpg                        [39m[1m[2m   47.69 kB[22m[1m[22m
[2mdist/[22m[32massets/hero-wheat-BKft4mdt.jpg                                 [39m[1m[2m  213.54 kB[22m[1m[22m
[2mdist/[22m[35massets/index-Bpk9lB8N.css                                      [39m[1m[2m  112.85 kB[22m[1m[22m[2m Γöé gzip:  18.67 kB[22m
[2mdist/[22m[36massets/index-Cl0Cu0eT.js                                       [39m[1m[33m1,481.54 kB[39m[22m[2m Γöé gzip: 444.53 kB[22m
[33m
(!) Some chunks are larger than 500 
kB after minification. Consider:
- Using dynamic import() to 
code-split the application
- Use build.rollupOptions.output.man
ualChunks to improve chunking: https
://rollupjs.org/configuration-option
s/#output-manualchunks
- Adjust chunk size limit for this 
warning via 
build.chunkSizeWarningLimit.[39m
[32mΓ£ô built in 14.64s[39m
